---
source: tests/integration_cli.rs
expression: value
---
{
  "candidate": {
    "incompatible_packages": [],
    "notes": [
      "virtual workspace is missing `workspace.resolver = \"3\"`; Cargo's rust-version-aware fallback is clearer with resolver 3"
    ],
    "package_summaries": [
      {
        "incompatible": 0,
        "package_name": "dep",
        "unknown": 0
      },
      {
        "incompatible": 0,
        "package_name": "member",
        "unknown": 0
      }
    ],
    "target": {
      "members": [
        {
          "package_id": "path+file://$TEMP_WORKSPACE/dep#0.1.0",
          "package_name": "dep",
          "rust_version": "1.63"
        },
        {
          "package_id": "path+file://$TEMP_WORKSPACE/member#0.1.0",
          "package_name": "member",
          "rust_version": "1.64"
        }
      ],
      "mode": "workspace_mixed",
      "notes": [
        "selected packages use different `rust-version` values; results are grouped by affected member"
      ],
      "target_rust_version": null
    },
    "unknown_packages": [],
    "workspace": {
      "is_virtual_workspace": true,
      "recommendations": [
        "virtual workspace is missing `workspace.resolver = \"3\"`; Cargo's rust-version-aware fallback is clearer with resolver 3"
      ],
      "resolver": null,
      "selected_members": [
        "member",
        "dep"
      ],
      "workspace_root": "$TEMP_WORKSPACE"
    }
  },
  "candidate_lockfile": "# This file is automatically @generated by Cargo.\n# It is not intended for manual editing.\nversion = 3\n\n[[package]]\nname = \"dep\"\nversion = \"0.1.0\"\n\n[[package]]\nname = \"member\"\nversion = \"0.1.0\"\ndependencies = [\n \"dep\",\n]\n",
  "current": {
    "incompatible_packages": [],
    "notes": [
      "virtual workspace is missing `workspace.resolver = \"3\"`; Cargo's rust-version-aware fallback is clearer with resolver 3"
    ],
    "package_summaries": [
      {
        "incompatible": 0,
        "package_name": "dep",
        "unknown": 0
      },
      {
        "incompatible": 0,
        "package_name": "member",
        "unknown": 0
      }
    ],
    "target": {
      "members": [
        {
          "package_id": "path+file://$FIXTURE/dep#0.1.0",
          "package_name": "dep",
          "rust_version": "1.63"
        },
        {
          "package_id": "path+file://$FIXTURE/member#0.1.0",
          "package_name": "member",
          "rust_version": "1.64"
        }
      ],
      "mode": "workspace_mixed",
      "notes": [
        "selected packages use different `rust-version` values; results are grouped by affected member"
      ],
      "target_rust_version": null
    },
    "unknown_packages": [],
    "workspace": {
      "is_virtual_workspace": true,
      "recommendations": [
        "virtual workspace is missing `workspace.resolver = \"3\"`; Cargo's rust-version-aware fallback is clearer with resolver 3"
      ],
      "resolver": null,
      "selected_members": [
        "member",
        "dep"
      ],
      "workspace_root": "$FIXTURE"
    }
  },
  "improved_packages": [],
  "notes": [
    "virtual workspace is missing `workspace.resolver = \"3\"`; Cargo's rust-version-aware fallback is clearer with resolver 3",
    "candidate lockfile did not change the resolved dependency graph"
  ],
  "remaining_blockers": [],
  "version_changes": []
}
